// Jest Snapshot v1, https://jestjs.io/docs/snapshot-testing

exports[`ExecutiveRiskReportV2 snapshot produces a stable executive report for Enterprise license 1`] = `
{
  "assessment": {
    "date": "2025-12-17",
    "name": "Enterprise Risk Assessment",
  },
  "decision": {
    "approvalStatus": "Rejected",
    "dominantDomains": [
      "Governance",
      "Access Control",
    ],
    "heatMap": [
      {
        "domain": "Governance",
        "impact": 4,
        "likelihood": 4,
      },
    ],
    "level": "Critical",
    "remediationPlan": [
      {
        "description": "Strengthen access controls",
        "estimatedRiskReduction": 20,
        "id": "RA-1",
        "priority": "Immediate",
      },
    ],
    "score": 78,
    "severityRationale": [
      "High residual access risk",
    ],
  },
  "executiveNarrative": "This assessment reflects enterprise risk exposure based on severity, domain concentration, governance impact, and remediation complexity.",
  "pricing": {
    "estimatedAnnualCost": 12000,
    "rationale": [
      "High enterprise severity",
      "1 affected risk domains",
      "1 remediation actions",
      "Governance risk present",
    ],
    "tier": "Professional",
  },
  "remediationPlan": {
    "advisoryNote": "Remediation priorities should focus on high-impact domains and governance gaps.",
    "items": [
      {
        "description": "Strengthen access controls",
        "estimatedRiskReduction": 20,
        "id": "RA-1",
        "priority": "Immediate",
      },
    ],
  },
  "summary": {
    "categoryScores": [
      {
        "category": "Governance",
        "score": 80,
        "severity": "High",
      },
    ],
    "domainScores": [
      {
        "domain": "Governance",
        "impact": 4,
        "likelihood": 4,
        "score": 80,
        "severity": "High",
      },
    ],
    "enterpriseRiskScore": 78,
    "overallScore": 78,
    "recommendedActions": [
      {
        "description": "Strengthen access controls",
        "estimatedRiskReduction": 20,
        "id": "RA-1",
        "priority": "Immediate",
      },
    ],
    "severity": "High",
    "severityRationale": [
      "High residual access risk",
    ],
    "topRiskDrivers": [
      "Governance",
      "Access Control",
    ],
  },
}
`;
